#
# There is insufficient memory for the Java Runtime Environment to continue.
# Native memory allocation (malloc) failed to allocate 1048576 bytes. Error detail: AllocateHeap
# Possible reasons:
#   The system is out of physical RAM or swap space
#   This process is running with CompressedOops enabled, and the Java Heap may be blocking the growth of the native heap
# Possible solutions:
#   Reduce memory load on the system
#   Increase physical memory or swap space
#   Check if swap backing store is full
#   Decrease Java heap size (-Xmx/-Xms)
#   Decrease number of Java threads
#   Decrease Java thread stack sizes (-Xss)
#   Set larger code cache with -XX:ReservedCodeCacheSize=
#   JVM is running with Unscaled Compressed Oops mode in which the Java heap is
#     placed in the first 4GB address space. The Java Heap base address is the
#     maximum limit for the native heap growth. Please use -XX:HeapBaseMinAddress
#     to set the Java Heap base and to place the Java Heap above 4GB virtual address.
# This output file may be truncated or incomplete.
#
#  Out of Memory Error (allocation.cpp:44), pid=28304, tid=11944
#
# JRE version:  (21.0.9+10) (build )
# Java VM: OpenJDK 64-Bit Server VM (21.0.9+10-LTS, mixed mode, sharing, tiered, compressed oops, compressed class ptrs, g1 gc, windows-amd64)
# No core dump will be written. Minidumps are not enabled by default on client versions of Windows
#

---------------  S U M M A R Y ------------

Command Line: --add-modules=ALL-SYSTEM --add-opens=java.base/java.util=ALL-UNNAMED --add-opens=java.base/java.lang=ALL-UNNAMED --add-opens=java.base/sun.nio.fs=ALL-UNNAMED -Declipse.application=org.eclipse.jdt.ls.core.id1 -Dosgi.bundles.defaultStartLevel=4 -Declipse.product=org.eclipse.jdt.ls.core.product -Djava.import.generatesMetadataFilesAtProjectRoot=false -DDetectVMInstallationsJob.disabled=true -Dfile.encoding=utf8 -Xlog:disable -Xmx4G -Xms2G -XX:+UseG1GC -XX:+ParallelRefProcEnabled -javaagent:c:\Users\T900067056\.vscode\extensions\redhat.java-1.53.0-win32-x64\lombok\lombok-1.18.39-4050.jar -XX:+HeapDumpOnOutOfMemoryError -XX:HeapDumpPath=c:\Users\T900067056\AppData\Roaming\Code\User\workspaceStorage\c936d9aab9c4d79dc9ee749eb4cdf1e6\redhat.java -Daether.dependencyCollector.impl=bf c:\Users\T900067056\.vscode\extensions\redhat.java-1.53.0-win32-x64\server\plugins\org.eclipse.equinox.launcher_1.7.100.v20251111-0406.jar -configuration c:\Users\T900067056\AppData\Roaming\Code\User\globalStorage\redhat.java\1.53.0\config_win -data c:\Users\T900067056\AppData\Roaming\Code\User\workspaceStorage\c936d9aab9c4d79dc9ee749eb4cdf1e6\redhat.java\jdt_ws --pipe=\\.\pipe\lsp-2f1b1eec1b568e38b1f2a6be2bd92137-sock

Host: 11th Gen Intel(R) Core(TM) i5-1135G7 @ 2.40GHz, 8 cores, 15G,  Windows 10 , 64 bit Build 19041 (10.0.19041.5915)
Time: Wed Apr 15 16:08:00 2026 elapsed time: 0.024140 seconds (0d 0h 0m 0s)

---------------  T H R E A D  ---------------

Current thread (0x000001717e54b6a0):  JavaThread "Unknown thread" [_thread_in_vm, id=11944, stack(0x000000056c500000,0x000000056c600000) (1024K)]

Stack: [0x000000056c500000,0x000000056c600000]
Native frames: (J=compiled Java code, j=interpreted, Vv=VM code, C=native code)
V  [jvm.dll+0x6d6e29]
V  [jvm.dll+0x8b4b76]
V  [jvm.dll+0x8b712e]
V  [jvm.dll+0x8b7813]
V  [jvm.dll+0x283d86]
V  [jvm.dll+0xc1277]
V  [jvm.dll+0x330585]
V  [jvm.dll+0x87deaf]
V  [jvm.dll+0x3c4381]
V  [jvm.dll+0x867135]
V  [jvm.dll+0x457391]
V  [jvm.dll+0x458f81]
C  [jli.dll+0x52d0]
C  [ucrtbase.dll+0x21bb2]
C  [KERNEL32.DLL+0x17374]
C  [ntdll.dll+0x4cc91]


---------------  P R O C E S S  ---------------

Threads class SMR info:
_java_thread_list=0x00007ffcc46691c8, length=0, elements={
}

Java Threads: ( => current thread )
Total: 0

Other Threads:

=>0x000001717e54b6a0 (exited) JavaThread "Unknown thread"    [_thread_in_vm, id=11944, stack(0x000000056c500000,0x000000056c600000) (1024K)]
Total: 1

Threads with active compile tasks:
Total: 0

VM state: not at safepoint (not fully initialized)

VM Mutex/Monitor currently owned by a thread: None

Heap address: 0x0000000000000000, size: 0 MB, Compressed Oops mode: 32-bit

CDS archive(s) mapped at: [0x0000000000000000-0x0000000000000000-0x0000000000000000), size 0, SharedBaseAddress: 0x0000000800000000, ArchiveRelocationMode: 1.
Narrow klass base: 0x0000000000000000, Narrow klass shift: 0, Narrow klass range: 0x0

GC Precious Log:
 CardTable entry size: 512
 Card Set container configuration: InlinePtr #cards 4 size 8 Array Of Cards #cards 16 size 48 Howl #buckets 8 coarsen threshold 3686 Howl Bitmap #cards 512 size 80 coarsen threshold 460 Card regions per heap region 1 cards per card region 4096

GC Heap History (0 events):
No events

Dll operation events (1 events):
Event: 0.020 Loaded shared library C:\Users\T900067056\AppData\Local\Programs\Eclipse Adoptium\jdk-21.0.9.10-hotspot\bin\java.dll

Deoptimization events (0 events):
No events

Classes loaded (0 events):
No events

Classes unloaded (0 events):
No events

Classes redefined (0 events):
No events

Internal exceptions (0 events):
No events

ZGC Phase Switch (0 events):
No events

VM Operations (0 events):
No events

Memory protections (0 events):
No events

Nmethod flushes (0 events):
No events

Events (0 events):
No events


Dynamic libraries:
0x00007ff6d1b10000 - 0x00007ff6d1b1e000 	C:\Users\T900067056\AppData\Local\Programs\Eclipse Adoptium\jdk-21.0.9.10-hotspot\bin\java.exe
0x00007ffd70e50000 - 0x00007ffd71048000 	C:\Windows\SYSTEM32\ntdll.dll
0x00007ffd70b10000 - 0x00007ffd70bd2000 	C:\Windows\System32\KERNEL32.DLL
0x00007ffd6e740000 - 0x00007ffd6ea36000 	C:\Windows\System32\KERNELBASE.dll
0x00007ffd67230000 - 0x00007ffd672c4000 	C:\Windows\SYSTEM32\apphelp.dll
0x00007ffd6ecf0000 - 0x00007ffd6edf0000 	C:\Windows\System32\ucrtbase.dll
0x00007ffd41720000 - 0x00007ffd4173e000 	C:\Users\T900067056\AppData\Local\Programs\Eclipse Adoptium\jdk-21.0.9.10-hotspot\bin\VCRUNTIME140.dll
0x00007ffd461d0000 - 0x00007ffd461e8000 	C:\Users\T900067056\AppData\Local\Programs\Eclipse Adoptium\jdk-21.0.9.10-hotspot\bin\jli.dll
0x00007ffd705c0000 - 0x00007ffd70761000 	C:\Windows\System32\USER32.dll
0x00007ffd5a9a0000 - 0x00007ffd5ac3b000 	C:\Windows\WinSxS\amd64_microsoft.windows.common-controls_6595b64144ccf1df_6.0.19041.6456_none_60b8a6cb71f64256\COMCTL32.dll
0x00007ffd6fc50000 - 0x00007ffd6fcee000 	C:\Windows\System32\msvcrt.dll
0x00007ffd6e690000 - 0x00007ffd6e6b2000 	C:\Windows\System32\win32u.dll
0x00007ffd70330000 - 0x00007ffd7035b000 	C:\Windows\System32\GDI32.dll
0x00007ffd6e4e0000 - 0x00007ffd6e5f9000 	C:\Windows\System32\gdi32full.dll
0x00007ffd6ea40000 - 0x00007ffd6eadd000 	C:\Windows\System32\msvcp_win.dll
0x00007ffd70d30000 - 0x00007ffd70d5f000 	C:\Windows\System32\IMM32.DLL
0x00007ffd64900000 - 0x00007ffd6490c000 	C:\Users\T900067056\AppData\Local\Programs\Eclipse Adoptium\jdk-21.0.9.10-hotspot\bin\vcruntime140_1.dll
0x00007ffd07cb0000 - 0x00007ffd07d3d000 	C:\Users\T900067056\AppData\Local\Programs\Eclipse Adoptium\jdk-21.0.9.10-hotspot\bin\msvcp140.dll
0x00007ffcc3a20000 - 0x00007ffcc47c0000 	C:\Users\T900067056\AppData\Local\Programs\Eclipse Adoptium\jdk-21.0.9.10-hotspot\bin\server\jvm.dll
0x00007ffd707d0000 - 0x00007ffd70881000 	C:\Windows\System32\ADVAPI32.dll
0x00007ffd70520000 - 0x00007ffd705bf000 	C:\Windows\System32\sechost.dll
0x00007ffd6f3c0000 - 0x00007ffd6f4e0000 	C:\Windows\System32\RPCRT4.dll
0x00007ffd6ee40000 - 0x00007ffd6ee67000 	C:\Windows\System32\bcrypt.dll
0x00007ffd70a40000 - 0x00007ffd70aab000 	C:\Windows\System32\WS2_32.dll
0x00007ffd6da20000 - 0x00007ffd6da6b000 	C:\Windows\SYSTEM32\POWRPROF.dll
0x00007ffd5f0a0000 - 0x00007ffd5f0c7000 	C:\Windows\SYSTEM32\WINMM.dll
0x00007ffd63050000 - 0x00007ffd6305a000 	C:\Windows\SYSTEM32\VERSION.dll
0x00007ffd6d8e0000 - 0x00007ffd6d8f2000 	C:\Windows\SYSTEM32\UMPDC.dll
0x00007ffd6cbf0000 - 0x00007ffd6cc02000 	C:\Windows\SYSTEM32\kernel.appcore.dll
0x00007ffd5a970000 - 0x00007ffd5a97a000 	C:\Users\T900067056\AppData\Local\Programs\Eclipse Adoptium\jdk-21.0.9.10-hotspot\bin\jimage.dll
0x00007ffd6c820000 - 0x00007ffd6ca21000 	C:\Windows\SYSTEM32\DBGHELP.DLL
0x00007ffd599e0000 - 0x00007ffd59a14000 	C:\Windows\SYSTEM32\dbgcore.DLL
0x00007ffd6e600000 - 0x00007ffd6e682000 	C:\Windows\System32\bcryptPrimitives.dll
0x00007ffd5a0f0000 - 0x00007ffd5a0ff000 	C:\Users\T900067056\AppData\Local\Programs\Eclipse Adoptium\jdk-21.0.9.10-hotspot\bin\instrument.dll
0x00007ffd41580000 - 0x00007ffd415a0000 	C:\Users\T900067056\AppData\Local\Programs\Eclipse Adoptium\jdk-21.0.9.10-hotspot\bin\java.dll

JVMTI agents:
c:\Users\T900067056\.vscode\extensions\redhat.java-1.53.0-win32-x64\lombok\lombok-1.18.39-4050.jar path:none, loaded, not initialized, instrumentlib options:none

dbghelp: loaded successfully - version: 4.0.5 - missing functions: none
symbol engine: initialized successfully - sym options: 0x614 - pdb path: .;C:\Users\T900067056\AppData\Local\Programs\Eclipse Adoptium\jdk-21.0.9.10-hotspot\bin;C:\Windows\SYSTEM32;C:\Windows\WinSxS\amd64_microsoft.windows.common-controls_6595b64144ccf1df_6.0.19041.6456_none_60b8a6cb71f64256;C:\Users\T900067056\AppData\Local\Programs\Eclipse Adoptium\jdk-21.0.9.10-hotspot\bin\server

VM Arguments:
jvm_args: --add-modules=ALL-SYSTEM --add-opens=java.base/java.util=ALL-UNNAMED --add-opens=java.base/java.lang=ALL-UNNAMED --add-opens=java.base/sun.nio.fs=ALL-UNNAMED -Declipse.application=org.eclipse.jdt.ls.core.id1 -Dosgi.bundles.defaultStartLevel=4 -Declipse.product=org.eclipse.jdt.ls.core.product -Djava.import.generatesMetadataFilesAtProjectRoot=false -DDetectVMInstallationsJob.disabled=true -Dfile.encoding=utf8 -Xlog:disable -Xmx4G -Xms2G -XX:+UseG1GC -XX:+ParallelRefProcEnabled -javaagent:c:\Users\T900067056\.vscode\extensions\redhat.java-1.53.0-win32-x64\lombok\lombok-1.18.39-4050.jar -XX:+HeapDumpOnOutOfMemoryError -XX:HeapDumpPath=c:\Users\T900067056\AppData\Roaming\Code\User\workspaceStorage\c936d9aab9c4d79dc9ee749eb4cdf1e6\redhat.java -Daether.dependencyCollector.impl=bf 
java_command: c:\Users\T900067056\.vscode\extensions\redhat.java-1.53.0-win32-x64\server\plugins\org.eclipse.equinox.launcher_1.7.100.v20251111-0406.jar -configuration c:\Users\T900067056\AppData\Roaming\Code\User\globalStorage\redhat.java\1.53.0\config_win -data c:\Users\T900067056\AppData\Roaming\Code\User\workspaceStorage\c936d9aab9c4d79dc9ee749eb4cdf1e6\redhat.java\jdt_ws --pipe=\\.\pipe\lsp-2f1b1eec1b568e38b1f2a6be2bd92137-sock
java_class_path (initial): c:\Users\T900067056\.vscode\extensions\redhat.java-1.53.0-win32-x64\server\plugins\org.eclipse.equinox.launcher_1.7.100.v20251111-0406.jar
Launcher Type: SUN_STANDARD

[Global flags]
     intx CICompilerCount                          = 4                                         {product} {ergonomic}
     uint ConcGCThreads                            = 2                                         {product} {ergonomic}
     uint G1ConcRefinementThreads                  = 8                                         {product} {ergonomic}
   size_t G1HeapRegionSize                         = 2097152                                   {product} {ergonomic}
    uintx GCDrainStackTargetSize                   = 64                                        {product} {ergonomic}
     bool HeapDumpOnOutOfMemoryError               = true                                   {manageable} {command line}
    ccstr HeapDumpPath                             = c:\Users\T900067056\AppData\Roaming\Code\User\workspaceStorage\c936d9aab9c4d79dc9ee749eb4cdf1e6\redhat.java         {manageable} {command line}
   size_t InitialHeapSize                          = 2147483648                                {product} {command line}
   size_t MarkStackSize                            = 4194304                                   {product} {ergonomic}
   size_t MaxHeapSize                              = 4294967296                                {product} {command line}
   size_t MinHeapDeltaBytes                        = 2097152                                   {product} {ergonomic}
   size_t MinHeapSize                              = 2147483648                                {product} {command line}
    uintx NonNMethodCodeHeapSize                   = 5839372                                {pd product} {ergonomic}
    uintx NonProfiledCodeHeapSize                  = 122909434                              {pd product} {ergonomic}
     bool ParallelRefProcEnabled                   = true                                      {product} {command line}
    uintx ProfiledCodeHeapSize                     = 122909434                              {pd product} {ergonomic}
    uintx ReservedCodeCacheSize                    = 251658240                              {pd product} {ergonomic}
     bool SegmentedCodeCache                       = true                                      {product} {ergonomic}
   size_t SoftMaxHeapSize                          = 4294967296                             {manageable} {ergonomic}
     bool UseCompressedOops                        = true                           {product lp64_product} {ergonomic}
     bool UseG1GC                                  = true                                      {product} {command line}
     bool UseLargePagesIndividualAllocation        = false                                  {pd product} {ergonomic}

Logging:
Log output configuration:
 #0: stdout all=off uptime,level,tags foldmultilines=false
 #1: stderr all=off uptime,level,tags foldmultilines=false

Release file:
<release file has not been read>
Environment Variables:
JAVA_HOME=C:\Program Files\Java\jdk1.8.0_271
PATH=C:\Users\T900067056\AppData\Local\Programs\Microsoft VS Code;C:\Windows\system32;C:\Windows;C:\Windows\System32\Wbem;C:\Windows\System32\WindowsPowerShell\v1.0\;C:\Windows\System32\OpenSSH\;C:\Program Files (x86)\IBM\Client Access\Emulator;C:\Program Files (x86)\IBM\Client Access\Shared;C:\Program Files (x86)\IBM\Client Access\;C:\Program Files\TortoiseSVN\bin;C:\Program Files\Java\jdk1.8.0_271\bin;C:\Program Files\Maven\apache-maven-3.8.6\bin;C:\Program Files\nodejs\;C:\Program Files\Git\cmd;D:\apache-ant-1.10.15\bin;C:\Program Files\dotnet\;C:\Users\T900067056\AppData\Local\Programs\Eclipse Adoptium\jdk-21.0.9.10-hotspot;C:\Program Files (x86)\PuTTY\;C:\Users\T900067056\.local\bin\;C:\Users\T900067056\AppData\Local\Programs\Eclipse Adoptium\jdk-21.0.9.10-hotspot\bin;C:\Users\T900067056\scoop\shims;C:\Users\T900067056\AppData\Local\Microsoft\WindowsApps;C:\Users\T900067056\AppData\Roaming\npm;C:\Users\T900067056\AppData\Local\Programs\Microsoft VS Code\bin;C:\Users\T900067056\.dotnet\tools;C:\Program Files\JetBrains\IntelliJ IDEA 2025.3\bin;D:\Antigravity\bin
USERNAME=T900067056
OS=Windows_NT
PROCESSOR_IDENTIFIER=Intel64 Family 6 Model 140 Stepping 1, GenuineIntel
TMP=C:\Users\T90006~2\AppData\Local\Temp
TEMP=C:\Users\T90006~2\AppData\Local\Temp




Periodic native trim disabled

---------------  S Y S T E M  ---------------

OS:
 Windows 10 , 64 bit Build 19041 (10.0.19041.5915)
OS uptime: 14 days 6:49 hours

CPU: total 8 (initial active 8) (4 cores per cpu, 2 threads per core) family 6 model 140 stepping 1 microcode 0xb8, cx8, cmov, fxsr, ht, mmx, 3dnowpref, sse, sse2, sse3, ssse3, sse4.1, sse4.2, popcnt, lzcnt, tsc, tscinvbit, avx, avx2, aes, erms, clmul, bmi1, bmi2, adx, avx512f, avx512dq, avx512cd, avx512bw, avx512vl, sha, fma, vzeroupper, avx512_vpopcntdq, avx512_vpclmulqdq, avx512_vaes, avx512_vnni, clflush, clflushopt, clwb, avx512_vbmi2, avx512_vbmi, rdtscp, rdpid, fsrm, gfni, avx512_bitalg, f16c, pku, cet_ibt, cet_ss, avx512_ifma
Processor Information for the first 8 processors :
  Max Mhz: 2419, Current Mhz: 2419, Mhz Limit: 2419

Memory: 4k page, system-wide physical 16075M (598M free)
TotalPageFile size 44926M (AvailPageFile size 5M)
current process WorkingSet (physical memory assigned to process): 10M, peak: 10M
current process commit charge ("private bytes"): 16M, peak: 17M

vm_info: OpenJDK 64-Bit Server VM (21.0.9+10-LTS) for windows-amd64 JRE (21.0.9+10-LTS), built on 2025-10-21T00:00:00Z by "admin" with unknown MS VC++:1942

END.
